// Jest Snapshot v1, https://goo.gl/fbAQLP

exports[`Button.vue demo snapshot 1`] = `
<div>
  <div>
    <p>按钮用途</p>
    <div class="show">
      <afo-button-stub effect="button" type="default" size="normal" icon="">默认按钮</afo-button-stub>
      <afo-button-stub effect="submit" type="default" size="normal" icon="">提交按钮</afo-button-stub>
    </div>
  </div>
  <div>
    <p>按钮类型</p>
    <div class="show">
      <afo-button-stub effect="button" type="default" size="normal" icon="">默认按钮</afo-button-stub>
      <afo-button-stub effect="button" type="primary" size="normal" icon="">主要按钮</afo-button-stub>
      <afo-button-stub effect="button" type="danger" size="normal" icon="">危险按钮</afo-button-stub>
    </div>
  </div>
  <div>
    <p>素按钮类型</p>
    <div class="show">
      <afo-button-stub effect="button" type="default" size="normal" plain="true" icon="">默认按钮</afo-button-stub>
      <afo-button-stub effect="button" type="primary" size="normal" plain="true" icon="">主要按钮</afo-button-stub>
      <afo-button-stub effect="button" type="danger" size="normal" plain="true" icon="">危险按钮</afo-button-stub>
    </div>
  </div>
  <div>
    <p>按钮大小</p>
    <div class="show marginbottom">
      <afo-button-stub effect="button" type="default" size="normal" icon="">默认按钮</afo-button-stub>
      <afo-button-stub effect="button" type="default" size="small" icon="">小号按钮</afo-button-stub>
    </div>
    <afo-button-stub effect="button" type="default" size="large" icon="">大号按钮</afo-button-stub>
  </div>
  <div>
    <p>禁用状态</p>
    <afo-button-stub effect="button" type="default" size="normal" disabled="true" icon="">禁用状态</afo-button-stub>
  </div>
  <div>
    <p>行内按钮</p>
    <afo-button-stub effect="button" type="default" size="normal" inline="true" icon="">行内按钮</afo-button-stub>
  </div>
  <div>
    <p>loading按钮</p>
    <afo-button-stub effect="button" type="default" size="normal" loading="true" icon="">loading按钮</afo-button-stub>
  </div>
  <div>
    <p>Icon按钮</p>
    <afo-button-stub effect="button" type="default" size="normal" icon="left">Icon按钮</afo-button-stub>
  </div>
</div>
`;
