// Jest Snapshot v1, https://goo.gl/fbAQLP

exports[`Collapse.vue demo snapshot 1`] = `
<div>
  <p>基础用法</p>
  <div class="afo-collapse afo-hairline--top-bottom">
    <div class="afo-collapse-item afo-collapse-item--expanded">
      <div class="afo-cell afo-cell--clickable afo-hairlines afo-collapse-item__title">
        <div class="afo-cell__title"><span>1</span></div>
        <i class="afo-icon afo-icon-arrow afo-cell__right-icon"></i>
      </div>
      <div class="afo-collapse-item__wrapper">
        <div class="afo-collapse-item__content">
          111111111
        </div>
      </div>
    </div>
    <div class="afo-collapse-item afo-hairline--top">
      <div class="afo-cell afo-cell--clickable afo-hairlines afo-collapse-item__title">
        <div class="afo-cell__title"><span>2</span></div>
        <i class="afo-icon afo-icon-arrow afo-cell__right-icon"></i>
      </div>
      <!---->
    </div>
    <div class="afo-collapse-item afo-hairline--top">
      <div class="afo-cell afo-cell--clickable afo-hairlines afo-collapse-item__title">
        <div class="afo-cell__title"><span>3</span></div>
        <i class="afo-icon afo-icon-arrow afo-cell__right-icon"></i>
      </div>
      <!---->
    </div>
  </div>
  <p>手风琴</p>
  <div class="afo-collapse afo-hairline--top-bottom">
    <div class="afo-collapse-item">
      <div class="afo-cell afo-cell--clickable afo-hairlines afo-collapse-item__title">
        <div class="afo-cell__title"><span>1</span></div>
        <i class="afo-icon afo-icon-arrow afo-cell__right-icon"></i>
      </div>
      <!---->
    </div>
    <div class="afo-collapse-item afo-hairline--top">
      <div class="afo-cell afo-cell--clickable afo-hairlines afo-collapse-item__title">
        <div class="afo-cell__title"><span>2</span></div>
        <i class="afo-icon afo-icon-arrow afo-cell__right-icon"></i>
      </div>
      <!---->
    </div>
    <div class="afo-collapse-item afo-hairline--top">
      <div class="afo-cell afo-cell--clickable afo-hairlines afo-collapse-item__title">
        <div class="afo-cell__title"><span>3</span></div>
        <i class="afo-icon afo-icon-arrow afo-cell__right-icon"></i>
      </div>
      <!---->
    </div>
  </div>
  <p>自定义标题内容</p>
  <div class="afo-collapse afo-hairline--top-bottom">
    <div class="afo-collapse-item afo-collapse-item--expanded">
      <div class="afo-cell afo-cell--clickable afo-hairlines afo-collapse-item__title">
        <div class="afo-cell__title">
          <div>1
            <afo-icon type="question" size="16px"></afo-icon>
          </div>
        </div>
        <i class="afo-icon afo-icon-arrow afo-cell__right-icon"></i>
      </div>
      <div class="afo-collapse-item__wrapper">
        <div class="afo-collapse-item__content">
          11111111111
        </div>
      </div>
    </div>
    <div class="afo-collapse-item afo-hairline--top">
      <div class="afo-cell afo-cell--clickable afo-hairlines afo-collapse-item__title">
        <div class="afo-cell__title"><span>2</span></div>
        <i class="afo-icon afo-icon-arrow afo-cell__right-icon"></i>
      </div>
      <!---->
    </div>
  </div>
</div>
`;
