// Jest Snapshot v1, https://goo.gl/fbAQLP

exports[`Loading.vue demo snapshot 1`] = `
<div>
  <div class="afo-loading afo-loading-white"><span class="afo-loading-spinners" style="width: 30px; height: 30px;"><i class="afo-loading-spinner"></i><i class="afo-loading-spinner"></i><i class="afo-loading-spinner"></i><i class="afo-loading-spinner"></i><i class="afo-loading-spinner"></i><i class="afo-loading-spinner"></i><i class="afo-loading-spinner"></i><i class="afo-loading-spinner"></i><i class="afo-loading-spinner"></i><i class="afo-loading-spinner"></i><i class="afo-loading-spinner"></i><i class="afo-loading-spinner"></i></span></div>
</div>
`;
