// Jest Snapshot v1, https://goo.gl/fbAQLP

exports[`Rate.vue demo snapshot 1`] = `
<div>
  <p>基本用法</p>
  <div class="afo-slider">
    <div class="afo-slider__bar" style="width: 50%; height: 2px;"><span class="afo-slider__button"></span></div>
  </div>
  <div style="height: 50px;"></div>
  <p>指定选择范围</p>
  <div class="afo-slider">
    <div class="afo-slider__bar" style="width: 50%; height: 2px;"><span class="afo-slider__button"></span></div>
  </div>
  <div style="height: 50px;"></div>
  <p>禁操作</p>
  <div class="afo-slider afo-slider--disabled">
    <div class="afo-slider__bar" style="width: 50%; height: 2px;"><span class="afo-slider__button"></span></div>
  </div>
  <p>指定步长</p>
  <div style="height: 50px;"></div>
  <div class="afo-slider">
    <div class="afo-slider__bar" style="width: 50%; height: 4px;"><span class="afo-slider__button"></span></div>
  </div>
</div>
`;
